MPLINK 4.40, Linker
Linker Map File - Created Fri Mar 09 22:21:33 2012

                                 Section Info
                  Section       Type    Address   Location Size(Bytes)
                ---------  ---------  ---------  ---------  ---------
                   .org_0       code   0x000000    program   0x000000
                   .org_1       code   0x000000    program   0x000002
                   .org_2       code   0x000004    program   0x000076
    .config_2007_RETR_1.O       code   0x002007    program   0x000002



                              Program Memory Usage 
                               Start         End      
                           ---------   ---------      
                            0x000000    0x000000      
                            0x000004    0x00003e      
                            0x002007    0x002007      
            61 out of 1094 program addresses used, program memory utilization is 5%



                              Symbols - Sorted by Name
                     Name    Address   Location    Storage File                     
                ---------  ---------  ---------  --------- ---------                
                    CYCLE   0x000007    program     static D:\Projects PIC\Text Prog\retr_1.asm
                   EndInt   0x000013    program     static D:\Projects PIC\Text Prog\retr_1.asm
                      INT   0x000004    program     static D:\Projects PIC\Text Prog\retr_1.asm
                 Metka148   0x000026    program     static D:\Projects PIC\Text Prog\retr_1.asm
                  Metka_1   0x000028    program     static D:\Projects PIC\Text Prog\retr_1.asm
                    PAUSE   0x000037    program     static D:\Projects PIC\Text Prog\retr_1.asm
                  PAUSE_2   0x00000d    program     static D:\Projects PIC\Text Prog\retr_1.asm
                  PAUSE_D   0x00002c    program     static D:\Projects PIC\Text Prog\retr_1.asm
                    START   0x000019    program     static D:\Projects PIC\Text Prog\retr_1.asm
                  TRIGGER   0x000021    program     static D:\Projects PIC\Text Prog\retr_1.asm



                              Symbols - Sorted by Address
                     Name    Address   Location    Storage File                     
                ---------  ---------  ---------  --------- ---------                
                      INT   0x000004    program     static D:\Projects PIC\Text Prog\retr_1.asm
                    CYCLE   0x000007    program     static D:\Projects PIC\Text Prog\retr_1.asm
                  PAUSE_2   0x00000d    program     static D:\Projects PIC\Text Prog\retr_1.asm
                   EndInt   0x000013    program     static D:\Projects PIC\Text Prog\retr_1.asm
                    START   0x000019    program     static D:\Projects PIC\Text Prog\retr_1.asm
                  TRIGGER   0x000021    program     static D:\Projects PIC\Text Prog\retr_1.asm
                 Metka148   0x000026    program     static D:\Projects PIC\Text Prog\retr_1.asm
                  Metka_1   0x000028    program     static D:\Projects PIC\Text Prog\retr_1.asm
                  PAUSE_D   0x00002c    program     static D:\Projects PIC\Text Prog\retr_1.asm
                    PAUSE   0x000037    program     static D:\Projects PIC\Text Prog\retr_1.asm


