MPLINK 4.40, Linker
Linker Map File - Created Tue Mar 06 22:21:52 2012

                                 Section Info
                  Section       Type    Address   Location Size(Bytes)
                ---------  ---------  ---------  ---------  ---------
                   .org_0       code   0x000000    program   0x000000
                   .org_1       code   0x000000    program   0x00005c
       .config_2007_CUS.O       code   0x002007    program   0x000002



                              Program Memory Usage 
                               Start         End      
                           ---------   ---------      
                            0x000000    0x00002d      
                            0x002007    0x002007      
            47 out of 1094 program addresses used, program memory utilization is 4%



                              Symbols - Sorted by Name
                     Name    Address   Location    Storage File                     
                ---------  ---------  ---------  --------- ---------                
                    CYCLE   0x00000d    program     static D:\Projects PIC\Cus\cus.asm
                  PAUSE_1   0x000017    program     static D:\Projects PIC\Cus\cus.asm
                  PAUSE_2   0x000020    program     static D:\Projects PIC\Cus\cus.asm
                      PRD   0x000028    program     static D:\Projects PIC\Cus\cus.asm
                    START   0x000001    program     static D:\Projects PIC\Cus\cus.asm



                              Symbols - Sorted by Address
                     Name    Address   Location    Storage File                     
                ---------  ---------  ---------  --------- ---------                
                    START   0x000001    program     static D:\Projects PIC\Cus\cus.asm
                    CYCLE   0x00000d    program     static D:\Projects PIC\Cus\cus.asm
                  PAUSE_1   0x000017    program     static D:\Projects PIC\Cus\cus.asm
                  PAUSE_2   0x000020    program     static D:\Projects PIC\Cus\cus.asm
                      PRD   0x000028    program     static D:\Projects PIC\Cus\cus.asm


